#-----------------------------------------------------------
# Vivado v2022.1 (64-bit)
# SW Build 3526262 on Mon Apr 18 15:48:16 MDT 2022
# IP Build 3524634 on Mon Apr 18 20:55:01 MDT 2022
# Start of session at: Wed Apr 16 13:49:31 2025
# Process ID: 25336
# Current directory: C:/Dropbox/Work/Project_FederatedLearning/paper_synchronousSDR_coherent/development_HDL/libraryIP/myMux
# Command line: vivado.exe -gui_launcher_event rodinguilauncherevent21604 C:\Dropbox\Work\Project_FederatedLearning\paper_synchronousSDR_coherent\development_HDL\libraryIP\myMux\project_1.xpr
# Log file: C:/Dropbox/Work/Project_FederatedLearning/paper_synchronousSDR_coherent/development_HDL/libraryIP/myMux/vivado.log
# Journal file: C:/Dropbox/Work/Project_FederatedLearning/paper_synchronousSDR_coherent/development_HDL/libraryIP/myMux\vivado.jou
# Running On: ORION, OS: Windows, CPU Frequency: 2304 MHz, CPU Physical cores: 8, Host memory: 34212 MB
#-----------------------------------------------------------
start_guopopen_project C:/Dropbox/Work/Project_FederatedLearning/paper_synchronousSDR_coherent/development_HDL/libraryIP/myMux/project_1.xpupupdate_compile_order -fileset sources_1
x::open_ipxact_file {C:\Dropbox\Work\Project_FederatedLearning\paper_synchronousSDR_coherent\development_HDL\libraryIP\myMux\component.xml}
set_property name myMux [ipx::current_core]
set_property display_name myMux_v1_0 [ipx::current_core]
set_property description myMux_v1_0 [ipx::current_core]
ipx::update_checksums [ipx::current_core]
ipx::save_core [ipx::current_core]
ipx::merge_project_changes ports [ipx::current_core]
ipx::update_checksums [ipx::current_core]
ipx::save_core [ipx::current_core]
set_property display_name myMuxSimple_v1_0 [ipx::current_core]
set_property description myMuxSimple_v1_0 [ipx::current_core]
ipx::update_checksums [ipx::current_core]
ipx::save_core [ipx::current_core]
set_property name myMuxSimple [ipx::current_core]
ipx::update_checksums [ipx::current_core]
ipx::save_core [ipx::current_core]
